// Jest Snapshot v1, https://goo.gl/fbAQLP

exports[`matches snapshot 1`] = `
Object {
  "alias": Object {
    "BaseTheme": "{test}/fixture/themes/base",
    "MyApp": "{test}/fixture/app",
    "RedTheme": "{test}/fixture/themes/red",
  },
  "components": Array [
    Object {
      "level": 0,
      "path": "{test}/fixture/app/components",
    },
    Object {
      "level": 1,
      "path": "{test}/fixture/themes/red/components",
    },
    Object {
      "level": 2,
      "path": "{test}/fixture/themes/base/components",
    },
  ],
  "hooks": Object {},
  "publicRuntimeConfig": Object {
    "color": "red",
  },
  "rootDir": "{test}/fixture/app",
  "srcDir": "{test}/fixture/themes/base",
}
`;
