// Jest Snapshot v1, https://goo.gl/fbAQLP

exports[`matches snapshot 1`] = `
Object {
  "_level": 0,
  "alias": Object {
    "@@baseTheme": "{test}/fixture/themes/base",
    "@@baseThemeEx": "{test}/fixture/themes/red",
    "@baseTheme": "{test}/fixture/themes/base",
    "@baseThemeEx": "{test}/fixture/themes/base",
    "~baseTheme": "{test}/fixture/themes/base",
    "~baseThemeEx": "{test}/fixture/themes/base",
    "~~baseTheme": "{test}/fixture/themes/base",
    "~~baseThemeEx": "{test}/fixture/themes/red",
  },
  "components": Array [
    Object {
      "level": 0,
      "path": "{test}/fixture/app/components",
    },
    Object {
      "level": 1,
      "path": "{test}/fixture/themes/red/components",
    },
    Object {
      "global": true,
      "level": 2,
      "path": "{test}/fixture/themes/base/components",
    },
  ],
  "extends": "../themes/red/nuxt.config",
  "hooks": Object {},
  "name": "myApp",
  "publicRuntimeConfig": Object {
    "color": "red",
  },
  "rootDir": "{test}/fixture/app",
  "srcDir": "{test}/fixture/themes/base",
}
`;
